
> adflow-pro@0.1.0 build
> next build

Ôû▓ Next.js 16.2.0 (Turbopack)
- Environments: .env.local

node.exe : ÔÜá The 
"middleware" file 
convention is deprecated. 
Please use "proxy" 
instead. Learn more: https:
//nextjs.org/docs/messages/
middleware-to-proxy
At line:1 char:1
+ & "C:\Program 
Files\nodejs/node.exe" 
"C:\Program 
Files\nodejs/node_mo ...
+ ~~~~~~~~~~~~~~~~~~~~~~~~~
~~~~~~~~~~~~~~~~~~~~~~~~~~~
~~~~~~~~~~~~~~~~~
    + CategoryInfo         
     : NotSpecified: (ÔÜá  
   The "middle...leware-   
 to-proxy:String) [], R    
emoteException
    + FullyQualifiedErrorI 
   d : NativeCommandError
 
  Creating an optimized production build ...
Ô£ô Compiled successfully in 18.9s
  Running TypeScript ...
  Finished TypeScript in 11.6s ...
  Collecting page data using 3 workers ...
  Generating static pages using 3 workers (0/18) ...
  Generating static pages using 3 workers (4/18) 
  Generating static pages using 3 workers (8/18) 
  Generating static pages using 3 workers (13/18) 
Ô£ô Generating static pages using 3 workers (18/18) in 1320ms
  Finalizing page optimization ...

Route (app)
Ôöî Ôùï /
Ôö£ Ôùï /_not-found
Ôö£ Ôùï /admin
Ôö£ Ôùï /admin/login
Ôö£ Ôùï /admin/payments
Ôö£ Ôùï /admin/stats
Ôö£ Ôùï /admin/users
Ôö£ ãÆ /ads/[id]
Ôö£ Ôùï /dashboard
Ôö£ Ôùï /dashboard/ads
Ôö£ Ôùï /dashboard/payments
Ôö£ Ôùï /dashboard/settings
Ôö£ Ôùï /dashboard/submit
Ôö£ Ôùï /explore
Ôö£ Ôùï /login
Ôö£ Ôùï /moderator
Ôö£ Ôùï /register
Ôöö ãÆ /seller/[id]


ãÆ Proxy (Middleware)

Ôùï  (Static)   prerendered as static content
ãÆ  (Dynamic)  server-rendered on demand

